2026-08-27 21:18:43 +0000 [MT] Initial pipeline context: <IDEDistributionProcessingPipelineContext: 0xab012aa00; archive(resolved)="<IDEArchive: 0xaae2981c0>", distributionTask(resolved)="2", distributionDestination(resolved)="1", distributionMethod(resolved)="<IDEDistributionMethodMacAppStoreDistribution: 0xaaf69bad0>", team(resolved)="<IDEProvisioningBasicTeam: 0xab024de00; teamID='QMM486NPYC', teamName='Joshua Trommel'>">
	Chain (15, self inclusive):
	<IDEDistributionProcessingPipelineContext: 0xab012aa00; archive = "<IDEArchive: 0xaae2981c0>", distributionMethod="<IDEDistributionMethodMacAppStoreDistribution: 0xaaf69bad0>", team="<IDEProvisioningBasicTeam: 0xab024de00; teamID='QMM486NPYC', teamName='Joshua Trommel'>">
	<IDEDistributionProcessingPipelineContext: 0xab012a100; archive = "<IDEArchive: 0xaae2981c0>", distributionMethod="<IDEDistributionMethodMacAppStoreDistribution: 0xaaf69bad0>", team="<IDEProvisioningBasicTeam: 0xab024de00; teamID='QMM486NPYC', teamName='Joshua Trommel'>">
	<IDEDistributionContext: 0xaafd85180; archive = "<IDEArchive: 0xaae2981c0>", distributionMethod="<IDEDistributionMethodMacAppStoreDistribution: 0xaaf69bad0>", team="<IDEProvisioningBasicTeam: 0xab024de00; teamID='QMM486NPYC', teamName='Joshua Trommel'>">
	<IDEDistributionContext: 0xaafd84780; archive = "<IDEArchive: 0xaae2981c0>", distributionMethod="<IDEDistributionMethodMacAppStoreDistribution: 0xaaf69bad0>", team="<IDEProvisioningBasicTeam: 0xab024de00; teamID='QMM486NPYC', teamName='Joshua Trommel'>">
	<IDEDistributionContext: 0xaafd85680; archive = "<IDEArchive: 0xaae2981c0>", distributionMethod="<IDEDistributionMethodMacAppStoreDistribution: 0xaaf69bad0>", team="<IDEProvisioningBasicTeam: 0xab024de00; teamID='QMM486NPYC', teamName='Joshua Trommel'>">
	<IDEDistributionContext: 0xaafd85900; archive = "<IDEArchive: 0xaae2981c0>", distributionMethod="<IDEDistributionMethodMacAppStoreDistribution: 0xaaf69bad0>", team="<IDEProvisioningBasicTeam: 0xab024de00; teamID='QMM486NPYC', teamName='Joshua Trommel'>">
	<IDEDistributionContext: 0xaafd85e00; archive = "<IDEArchive: 0xaae2981c0>", distributionMethod="<IDEDistributionMethodMacAppStoreDistribution: 0xaaf69bad0>", team="<IDEProvisioningBasicTeam: 0xab024de00; teamID='QMM486NPYC', teamName='Joshua Trommel'>">
	<IDEDistributionContext: 0xaafd86080; archive = "<IDEArchive: 0xaae2981c0>", distributionMethod="<IDEDistributionMethodMacAppStoreDistribution: 0xaaf69bad0>", team="<IDEProvisioningBasicTeam: 0xab024de00; teamID='QMM486NPYC', teamName='Joshua Trommel'>">
	<IDEDistributionContext: 0xaafd86300; archive = "<IDEArchive: 0xaae2981c0>", distributionMethod="<IDEDistributionMethodMacAppStoreDistribution: 0xaaf69bad0>", team="<IDEProvisioningBasicTeam: 0xab024de00; teamID='QMM486NPYC', teamName='Joshua Trommel'>">
	<IDEDistributionContext: 0xaafd86f80; archive = "<IDEArchive: 0xaae2981c0>", distributionMethod="<IDEDistributionMethodMacAppStoreDistribution: 0xaaf69bad0>", team="<IDEProvisioningBasicTeam: 0xab024de00; teamID='QMM486NPYC', teamName='Joshua Trommel'>">
	<IDEDistributionContext: 0xaafd84f00; archive = "<IDEArchive: 0xaae2981c0>", distributionMethod="<IDEDistributionMethodMacAppStoreDistribution: 0xaaf69bad0>", team="<IDEProvisioningBasicTeam: 0xab024de00; teamID='QMM486NPYC', teamName='Joshua Trommel'>">
	<IDEDistributionContext: 0xaafd85b80; archive = "<IDEArchive: 0xaae2981c0>", distributionMethod="<IDEDistributionMethodMacAppStoreDistribution: 0xaaf69bad0>", team="<IDEProvisioningBasicTeam: 0xab024de00; teamID='QMM486NPYC', teamName='Joshua Trommel'>">
	<IDEDistributionContext: 0xaafd84280; archive = "<IDEArchive: 0xaae2981c0>", distributionMethod="<IDEDistributionMethodMacAppStoreDistribution: 0xaaf69bad0>", team="(null)">
	<IDEDistributionContext: 0xaafd84000; archive = "<IDEArchive: 0xaae2981c0>", distributionMethod="<IDEDistributionMethodMacAppStoreDistribution: 0xaaf69bad0>", team="(null)">
	<IDEDistributionContext: 0x101650650; archive = "<IDEArchive: 0xaae2981c0>", distributionMethod="(null)", team="(null)">
</IDEDistributionProcessingPipelineContext: 0xab012aa00>
2026-08-27 21:18:43 +0000 [MT] Processing step: IDEDistributionCreateDestRootStep
2026-08-27 21:18:43 +0000 [MT] Processing step: IDEDistributionCopyItemStep
2026-08-27 21:18:43 +0000 [MT] Running /usr/bin/ditto '-V' '/Users/joshua/Documents/Code/newsline/.asc/artifacts/Sidewise-mac.xcarchive/Products/Applications/Newsline-macOS.app' '/var/folders/vk/dmj39y_n1n7gs0wclbyqkfn40000gn/T/XcodeDistPipeline.~~~6bWZ1q/Root/Applications/Newsline-macOS.app'
2026-08-27 21:18:43 +0000  >>> Copying /Users/joshua/Documents/Code/newsline/.asc/artifacts/Sidewise-mac.xcarchive/Products/Applications/Newsline-macOS.app 
2026-08-27 21:18:43 +0000  copying file ./Contents/_CodeSignature/CodeResources ... 
2026-08-27 21:18:43 +0000  2672 bytes for ./Contents/_CodeSignature/CodeResources
2026-08-27 21:18:43 +0000  copying file ./Contents/MacOS/Newsline-macOS ... 
2026-08-27 21:18:43 +0000  449360 bytes for ./Contents/MacOS/Newsline-macOS
2026-08-27 21:18:43 +0000  copying file ./Contents/Resources/AppIcon.icns ... 
2026-08-27 21:18:43 +0000  12161 bytes for ./Contents/Resources/AppIcon.icns
2026-08-27 21:18:43 +0000  copying file ./Contents/Resources/Assets.car ... 
2026-08-27 21:18:43 +0000  79832 bytes for ./Contents/Resources/Assets.car
2026-08-27 21:18:43 +0000  copying file ./Contents/Info.plist ... 
2026-08-27 21:18:43 +0000  1630 bytes for ./Contents/Info.plist
2026-08-27 21:18:43 +0000  copying file ./Contents/PkgInfo ... 
2026-08-27 21:18:43 +0000  8 bytes for ./Contents/PkgInfo
2026-08-27 21:18:43 +0000 [MT] /usr/bin/ditto exited with 0
2026-08-27 21:18:43 +0000 [MT] Processing step: IDEDistributionEmbedProfileStep
2026-08-27 21:18:43 +0000 [MT] Processing step: IDEDistributionInfoPlistStep
2026-08-27 21:18:43 +0000 [MT] Skipping setting DTXcodeBuildDistribution because toolsBuildVersionName was nil.
2026-08-27 21:18:43 +0000 [MT] Processing step: IDEDistributionItemRemovalStep
2026-08-27 21:18:43 +0000 [MT] Processing step: IDEDistributionAppThinningPlistStep
2026-08-27 21:18:43 +0000 [MT] Processing step: IDEDistributionSymbolsStep
2026-08-27 21:18:43 +0000 [MT] Writing /var/folders/vk/dmj39y_n1n7gs0wclbyqkfn40000gn/T/XcodeDistPipeline.~~~6bWZ1q/Symbols/2F3ACD24-0305-3A0A-B26A-8692DCA7FDEC.symbols
2026-08-27 21:18:43 +0000 [MT] Writing /var/folders/vk/dmj39y_n1n7gs0wclbyqkfn40000gn/T/XcodeDistPipeline.~~~6bWZ1q/Symbols/A3FC80F7-179C-3D37-97F3-EBB8188ABF3D.symbols
2026-08-27 21:18:43 +0000 [MT] Writing /var/folders/vk/dmj39y_n1n7gs0wclbyqkfn40000gn/T/XcodeDistPipeline.~~~6bWZ1q/Symbols/2F3ACD24-0305-3A0A-B26A-8692DCA7FDEC.symbols
2026-08-27 21:18:43 +0000 [MT] Writing /var/folders/vk/dmj39y_n1n7gs0wclbyqkfn40000gn/T/XcodeDistPipeline.~~~6bWZ1q/Symbols/A3FC80F7-179C-3D37-97F3-EBB8188ABF3D.symbols
2026-08-27 21:18:43 +0000 [MT] Processing step: IDEDistributionCopyAppleProvidedContentStep
2026-08-27 21:18:43 +0000 [MT] Processing step: IDEDistributionAppThinningStep
2026-08-27 21:18:43 +0000 [MT] Skipping step: IDEDistributionAppThinningStep because it said so
2026-08-27 21:18:43 +0000 [MT] Processing step: IDEDistributionArchThinningStep
2026-08-27 21:18:43 +0000 [MT] Archs to thin for item /Users/joshua/Documents/Code/newsline/.asc/artifacts/Sidewise-mac.xcarchive/Products/Applications/Newsline-macOS.app are []
2026-08-27 21:18:43 +0000 [MT] Processing step: IDEDistributionODRStep
2026-08-27 21:18:43 +0000 [MT] Processing step: IDEDistributionStripXattrsStep
2026-08-27 21:18:43 +0000 [MT] Skipping stripping extended attributes because the codesign step will strip them.
2026-08-27 21:18:43 +0000 [MT] Processing step: IDEDistributionCodesignStep
2026-08-27 21:18:43 +0000 [MT] Entitlements for <IDEDistributionItem: 0xaae267ae0; bundleID='com.nulljosh.newsline', path='<DVTFilePath:0xaae298230:'/Users/joshua/Documents/Code/newsline/.asc/artifacts/Sidewise-mac.xcarchive/Products/Applications/Newsline-macOS.app'>', codeSigningInfo='<_DVTCodeSigningInformation_Path: 0xaae267a80; isSigned='1', isAdHocSigned='0', signingCertificate='<DVTSigningCertificate: 0xab06b8480; name='Apple Development: trommatic@icloud.com (8VQ3Z7494A)', hash='DCF40745BE43EDF323978FBAEB96BAC4C4FA93E2', serialNumber='AD882848985F58FD0F83487E38FA44C', certificateKinds='(
    "1.2.840.113635.100.6.1.12",
    "1.2.840.113635.100.6.1.2"
), issueDate='2026-06-12 02:06:14 +0000''>', entitlements='{
    "com.apple.security.app-sandbox" = 1;
    "com.apple.security.network.client" = 1;
}', teamID='QMM486NPYC', identifier='com.nulljosh.newsline', executablePath='<DVTFilePath:0xaae2671e0:'/Users/joshua/Documents/Code/newsline/.asc/artifacts/Sidewise-mac.xcarchive/Products/Applications/Newsline-macOS.app/Contents/MacOS/Newsline-macOS'>', hardenedRuntime='1'>'>: {
    "com.apple.application-identifier" = "QMM486NPYC.com.nulljosh.newsline";
    "com.apple.developer.team-identifier" = QMM486NPYC;
    "com.apple.security.app-sandbox" = 1;
    "com.apple.security.network.client" = 1;
}
2026-08-27 21:18:43 +0000 [MT] Associated App Clip Identifiers Filter: Skipping because "com.apple.developer.associated-appclip-app-identifiers" is not present
2026-08-27 21:18:43 +0000 [MT] Entitlements for <IDEDistributionItem: 0xaae267ae0; bundleID='com.nulljosh.newsline', path='<DVTFilePath:0xaae298230:'/Users/joshua/Documents/Code/newsline/.asc/artifacts/Sidewise-mac.xcarchive/Products/Applications/Newsline-macOS.app'>', codeSigningInfo='<_DVTCodeSigningInformation_Path: 0xaae267a80; isSigned='1', isAdHocSigned='0', signingCertificate='<DVTSigningCertificate: 0xab06b8d80; name='Apple Development: trommatic@icloud.com (8VQ3Z7494A)', hash='DCF40745BE43EDF323978FBAEB96BAC4C4FA93E2', serialNumber='AD882848985F58FD0F83487E38FA44C', certificateKinds='(
    "1.2.840.113635.100.6.1.12",
    "1.2.840.113635.100.6.1.2"
), issueDate='2026-06-12 02:06:14 +0000''>', entitlements='{
    "com.apple.security.app-sandbox" = 1;
    "com.apple.security.network.client" = 1;
}', teamID='QMM486NPYC', identifier='com.nulljosh.newsline', executablePath='<DVTFilePath:0xaae2671e0:'/Users/joshua/Documents/Code/newsline/.asc/artifacts/Sidewise-mac.xcarchive/Products/Applications/Newsline-macOS.app/Contents/MacOS/Newsline-macOS'>', hardenedRuntime='1'>'> are: {
    "com.apple.application-identifier" = "QMM486NPYC.com.nulljosh.newsline";
    "com.apple.developer.team-identifier" = QMM486NPYC;
    "com.apple.security.app-sandbox" = 1;
    "com.apple.security.network.client" = 1;
}
2026-08-27 21:18:43 +0000 [MT] Writing entitlements for <IDEDistributionItem: 0xaae267ae0; bundleID='com.nulljosh.newsline', path='<DVTFilePath:0xaae298230:'/Users/joshua/Documents/Code/newsline/.asc/artifacts/Sidewise-mac.xcarchive/Products/Applications/Newsline-macOS.app'>', codeSigningInfo='<_DVTCodeSigningInformation_Path: 0xaae267a80; isSigned='1', isAdHocSigned='0', signingCertificate='<DVTSigningCertificate: 0xab06b8d80; name='Apple Development: trommatic@icloud.com (8VQ3Z7494A)', hash='DCF40745BE43EDF323978FBAEB96BAC4C4FA93E2', serialNumber='AD882848985F58FD0F83487E38FA44C', certificateKinds='(
    "1.2.840.113635.100.6.1.12",
    "1.2.840.113635.100.6.1.2"
), issueDate='2026-06-12 02:06:14 +0000''>', entitlements='{
    "com.apple.security.app-sandbox" = 1;
    "com.apple.security.network.client" = 1;
}', teamID='QMM486NPYC', identifier='com.nulljosh.newsline', executablePath='<DVTFilePath:0xaae2671e0:'/Users/joshua/Documents/Code/newsline/.asc/artifacts/Sidewise-mac.xcarchive/Products/Applications/Newsline-macOS.app/Contents/MacOS/Newsline-macOS'>', hardenedRuntime='1'>'> to: /var/folders/vk/dmj39y_n1n7gs0wclbyqkfn40000gn/T/XcodeDistPipeline.~~~6bWZ1q/entitlements~~~rtcTfd
2026-08-27 21:18:43 +0000 [MT] invoking codesign: <NSConcreteTask: 0xab06bf7a0; launchPath='/usr/bin/codesign', arguments='(
    "-f",
    "-s",
    841ED832F5CB2EA83C5EE8C502992F8B46BBBC32,
    "--entitlements",
    "/var/folders/vk/dmj39y_n1n7gs0wclbyqkfn40000gn/T/XcodeDistPipeline.~~~6bWZ1q/entitlements~~~rtcTfd",
    "--preserve-metadata=identifier,flags,runtime,launch-constraints,library-constraints",
    "--generate-entitlement-der",
    "--strip-disallowed-xattrs",
    "-vvv",
    "/var/folders/vk/dmj39y_n1n7gs0wclbyqkfn40000gn/T/XcodeDistPipeline.~~~6bWZ1q/Root/Applications/Newsline-macOS.app"
)'>
2026-08-27 21:18:43 +0000 [MT] codesign output: /var/folders/vk/dmj39y_n1n7gs0wclbyqkfn40000gn/T/XcodeDistPipeline.~~~6bWZ1q/Root/Applications/Newsline-macOS.app: replacing existing signature
/var/folders/vk/dmj39y_n1n7gs0wclbyqkfn40000gn/T/XcodeDistPipeline.~~~6bWZ1q/Root/Applications/Newsline-macOS.app: signed app bundle with Mach-O universal (x86_64 arm64) [com.nulljosh.newsline]
2026-08-27 21:18:43 +0000 [MT] Processing step: IDEDistributionZipODRItemStep
2026-08-27 21:18:43 +0000 [MT] Skipping step: IDEDistributionZipODRItemStep because it said so
2026-08-27 21:18:43 +0000 [MT] Processing step: IDEDistributionCreatePKGStep
2026-08-27 21:18:43 +0000 [MT] Running /usr/bin/productbuild '--sign' '3rd Party Mac Developer Installer: Joshua Trommel (QMM486NPYC)' '--symbolication' '/var/folders/vk/dmj39y_n1n7gs0wclbyqkfn40000gn/T/XcodeDistPipeline.~~~6bWZ1q/Symbols' '--component' '/var/folders/vk/dmj39y_n1n7gs0wclbyqkfn40000gn/T/XcodeDistPipeline.~~~6bWZ1q/Root/Applications/Newsline-macOS.app' '/Applications' '/var/folders/vk/dmj39y_n1n7gs0wclbyqkfn40000gn/T/XcodeDistPipeline.~~~6bWZ1q/Packages/Newsline-macOS.pkg'
2026-08-27 21:18:43 +0000  productbuild: Adding component at /var/folders/vk/dmj39y_n1n7gs0wclbyqkfn40000gn/T/XcodeDistPipeline.~~~6bWZ1q/Root/Applications/Newsline-macOS.app
productbuild: Signing product with identity "3rd Party Mac Developer Installer: Joshua Trommel (QMM486NPYC)" from keychain /Users/joshua/Library/Keychains/login.keychain-db
productbuild: Adding certificate "Apple Worldwide Developer Relations Certification Authority"
productbuild: Adding certificate "Apple Root CA"
productbuild: Wrote product to /var/folders/vk/dmj39y_n1n7gs0wclbyqkfn40000gn/T/XcodeDistPipeline.~~~6bWZ1q/Packages/Newsline-macOS.pkg
productbuild: Supported OS versions: [Min: 14.0, Before: None]
2026-08-27 21:18:43 +0000 [MT] /usr/bin/productbuild exited with 0
2026-08-27 21:18:43 +0000 [MT] Processing step: IDEDistributionAppStoreInformationStep
2026-08-27 21:18:43 +0000 [MT] Skipping step: IDEDistributionAppStoreInformationStep because it said so
2026-08-27 21:18:43 +0000 [MT] Processing step: IDEDistributionGenerateProcessedDistributionItems
2026-08-27 21:18:43 +0000 [MT] IDEDistributionItem init <DVTFilePath:0xaadaf8620:'/var/folders/vk/dmj39y_n1n7gs0wclbyqkfn40000gn/T/XcodeDistPipeline.~~~6bWZ1q/Root/Applications/Newsline-macOS.app'>
2026-08-27 21:18:43 +0000 [MT] Processing step: IDEDistributionCreateManifestStep
2026-08-27 21:18:43 +0000 [MT] Skipping step: IDEDistributionCreateManifestStep because it said so
